0.54166666952666
0.45833334405783
0.37500001076589
0.54166666373867
0.45833333463509
0.37500000879669
0.45833333343768
0.54166665980679
0.45833333660159
0.79166667295309