0.35970667004585
0.61597841978073
0.66866075992584
0.31493631005287
0.50154381990433
0.53917407989502
