0.41778266429901
0.41745334863663
0.71383094787598
0.43754115700722
0.4395170211792
0.57387489080429
