0.40412232279778
0.3988031744957
0.77420210838318
0.43816488981247
0.3507978618145
0.63390958309174
