0.41700652241707
0.42978522181511
0.71322727203369
0.43590265512466
0.35923057794571
0.64484775066376
